
> premium-project@0.1.0 build
> prisma generate && next build --no-lint

Environment variables loaded from .env
Prisma schema loaded from prisma\schema.prisma
node.exe : Error: 
発生場所 行:1 文字:1
+ & "C:\Program Files\
nodejs/node.exe" "C:\P
rogram Files\nodejs/no
de_mo ...
+ ~~~~~~~~~~~~~~~~~~~~
~~~~~~~~~~~~~~~~~~~~~~
~~~~~~~~~~~~~~~~~~~~~~
~~~~~
    + CategoryInfo    
          : NotSpeci  
  fied: (Error: :St   
 ring) [], RemoteE    
xception
    + FullyQualifiedE 
   rrorId : NativeCo  
  mmandError
 
EPERM: operation not p
ermitted, rename 'C:\U
sers\nabe7\Documents\P
rojects\premium-projec
t\node_modules\.prisma
\client\query_engine-w
indows.dll.node.tmp761
00' -> 'C:\Users\nabe7
\Documents\Projects\pr
emium-project\node_mod
ules\.prisma\client\qu
ery_engine-windows.dll
.node'


