src/actions/recruit.ts(4,26): error TS2307: Cannot find module '@/lib/supabase' or its corresponding type declarations.
src/actions/recruit.ts(46,15): error TS6133: 'data' is declared but its value is never read.
src/app/store/[slug]/recruit/page.tsx(2,10): error TS2305: Module '"@/actions/recruit"' has no exported member 'getRecruitPageConfig'.
src/components/recruit2/RecruitEditor.tsx(1,10): error TS2305: Module '"@/actions/recruit"' has no exported member 'getRecruitPageConfig'.
src/components/recruit2/RecruitEditor.tsx(1,32): error TS2305: Module '"@/actions/recruit"' has no exported member 'saveRecruitPageConfig'.
