src/components/templates/store/fukuoka/sections/CastSection.tsx(3,38): error TS2307: Cannot find module '@/lib/store/storeTopConfig' or its corresponding type declarations.
src/components/templates/store/yokohama/sections/CastSection.tsx(3,38): error TS2307: Cannot find module '@/lib/store/storeTopConfig' or its corresponding type declarations.
