src/components/admin/pages/HeaderManagement.tsx(7,24): error TS2307: Cannot find module '@/components/ui/button' or its corresponding type declarations.
src/components/admin/pages/HeaderManagement.tsx(14,8): error TS2307: Cannot find module '@/components/ui/select' or its corresponding type declarations.
src/components/admin/pages/HeaderManagement.tsx(15,24): error TS2307: Cannot find module '@/components/ui/switch' or its corresponding type declarations.
src/components/admin/pages/HeaderManagement.tsx(17,35): error TS2307: Cannot find module '@/actions/storage' or its corresponding type declarations.
src/components/admin/pages/HeaderManagement.tsx(18,35): error TS2307: Cannot find module '@/lib/store/getStoreTopConfig' or its corresponding type declarations.
src/components/admin/pages/HeaderManagement.tsx(19,36): error TS2307: Cannot find module '@/lib/store/saveStoreTopConfig' or its corresponding type declarations.
src/components/admin/pages/HeaderManagement.tsx(20,30): error TS2307: Cannot find module '@/lib/store/store-data' or its corresponding type declarations.
src/components/admin/pages/HeaderManagement.tsx(21,62): error TS2307: Cannot find module '@/lib/store/storeTopConfig' or its corresponding type declarations.
src/components/admin/pages/HeaderManagement.tsx(22,37): error TS2307: Cannot find module '@/lib/store/uploadStoreTopImage' or its corresponding type declarations.
